
> health-monitor@1.0.0 build
> next build

   Γû▓ Next.js 15.5.12
   - Environments: .env.local

   Creating an optimized production build ...
 Γ£ô Compiled successfully in 9.0s
   Linting and checking validity of types ...

./src/app/layout.js
31:21  Warning: Custom fonts not added in `pages/_document.js` will only load for a single page. This is discouraged. See: https://nextjs.org/docs/messages/no-page-custom-font  @next/next/no-page-custom-font

./src/app/log/page.js
16:8  Warning: React Hook useEffect has a missing dependency: 'loadMeals'. Either include it or remove the dependency array.  react-hooks/exhaustive-deps

./src/app/scan/page.js
310:25  Warning: Using `<img>` could result in slower LCP and higher bandwidth. Consider using `<Image />` from `next/image` or a custom image loader to automatically optimize images. This may incur additional usage or cost from your provider. See: https://nextjs.org/docs/messages/no-img-element  @next/next/no-img-element
399:37  Warning: Using `<img>` could result in slower LCP and higher bandwidth. Consider using `<Image />` from `next/image` or a custom image loader to automatically optimize images. This may incur additional usage or cost from your provider. See: https://nextjs.org/docs/messages/no-img-element  @next/next/no-img-element

info  - Need to disable some ESLint rules? Learn more here: https://nextjs.org/docs/app/api-reference/config/eslint#disabling-rules
   Collecting page data ...
   Generating static pages (0/9) ...
   Generating static pages (2/9) 
 ΓÜá Unsupported metadata themeColor is configured in metadata export in /_not-found. Please move it to viewport export instead.
Read more: https://nextjs.org/docs/app/api-reference/functions/generate-viewport
 ΓÜá Unsupported metadata viewport is configured in metadata export in /_not-found. Please move it to viewport export instead.
Read more: https://nextjs.org/docs/app/api-reference/functions/generate-viewport
 ΓÜá Unsupported metadata themeColor is configured in metadata export in /_not-found. Please move it to viewport export instead.
Read more: https://nextjs.org/docs/app/api-reference/functions/generate-viewport
 ΓÜá Unsupported metadata viewport is configured in metadata export in /_not-found. Please move it to viewport export instead.
Read more: https://nextjs.org/docs/app/api-reference/functions/generate-viewport
Error occurred prerendering page "/_not-found". Read more: https://nextjs.org/docs/messages/prerender-error
Error: @clerk/clerk-react: Missing publishableKey. You can get your key at https://dashboard.clerk.com/last-active?path=api-keys.
    at Object.throwMissingPublishableKeyError (D:\Health Monitor\.next\server\chunks\327.js:12:1483)
    at <unknown> (D:\Health Monitor\.next\server\chunks\327.js:66:54449) {
  digest: '542107093'
}
Export encountered an error on /_not-found/page: /_not-found, exiting the build.
 Γ¿» Next.js build worker exited with code: 1 and signal: null
